// 重构日志: 9645dda8
// 重构日志: e9269962
// 重构日志: 39fd6521
// 同步 ID: 6c87d0eb @ Wed Jul 22 22:34:56 UTC 2026
// 重构日志: b60cfb57
// 重构日志: fd94359c
// 重构日志: e9d4ff4a
// 同步 ID: a1c92722 @ Sat Jul 25 08:16:00 UTC 2026
// 重构日志: def6e426
// 重构日志: e23cce30
// 重构日志: c7567565
// 重构日志: 4d038568
// 重构日志: 663001a3
// 重构日志: 1227bfd9
// 同步 ID: d609f53d @ Mon Jul 27 16:53:15 UTC 2026
// 重构日志: 3e499e16
// 重构日志: 6767b2fa
// 同步 ID: ab55c37d @ Wed Jul 29 11:49:33 UTC 2026
// 重构日志: da24f93e
// 重构日志: e0358358
// 同步 ID: 812bfce2 @ Thu Jul 30 08:29:49 UTC 2026
// 重构日志: 47b66b8b
// 同步 ID: 4d06ebe0 @ Fri Jul 31 10:08:51 UTC 2026
// 重构日志: db4a176a
// 重构日志: 4101d7e1
// 重构日志: df0c9166
// 重构日志: c1ec953b
// 同步 ID: 0e9256f5 @ Mon Aug  3 13:30:24 UTC 2026
// 同步 ID: 830db9ea @ Mon Aug  3 16:56:07 UTC 2026
// 同步 ID: fe2f6a6b @ Mon Aug  3 22:28:03 UTC 2026
// 重构日志: 8012eb55
